[0.2875816993464052, 0.23529411764705888, 0.3594771241830066, 0.2549019607843137]--60--153
[0.30718954248366015, 0.24836601307189543, 0.3856209150326797, 0.261437908496732]--80--153
[0.30065359477124187, 0.2287581699346405, 0.37254901960784315, 0.2679738562091504]--100--153
[0.30065359477124187, 0.23529411764705888, 0.3529411764705882, 0.2679738562091504]--120--153
[0.2941176470588235, 0.2287581699346405, 0.3594771241830066, 0.28104575163398693]--150--153
[0.30718954248366015, 0.24836601307189543, 0.3464052287581699, 0.2679738562091504]--200--153
[0.3137254901960784, 0.24183006535947715, 0.33986928104575165, 0.2549019607843137]--300--153
[0.30065359477124187, 0.24836601307189543, 0.3464052287581699, 0.2679738562091504]--600--153
[0.28104575163398693, 0.24836601307189543, 0.36601307189542487, 0.28104575163398693]--1000--153
[0.2875816993464052, 0.261437908496732, 0.3594771241830066, 0.2679738562091504]--1500--153
[0.2875816993464052, 0.261437908496732, 0.3529411764705882, 0.2679738562091504]--3000--153